[airfoils.com/index.html]
[backblue.gif]
[fade.gif]
[index.html]
[airfoils.com/graphics/design_on.gif]
[airfoils.com/graphics/main_on.gif]
[airfoils.com/graphics/airfoil_on.gif]
[airfoils.com/graphics/clients_on.gif]
[airfoils.com/graphics/contact_on.gif]
[airfoils.com/graphics/integration_on.gif]
[airfoils.com/graphics/eppler_on.gif]
[airfoils.com/graphics/links_on.gif]
[airfoils.com/graphics/pubs_on.gif]
[airfoils.com/graphics/specs_on.gif]
[airfoils.com/graphics/tunnel_on.gif]
[airfoils.com/graphics/resume_on.gif]
[airfoils.com/graphics/apps_on.gif]
[airfoils.com/graphics/why_on.gif]
[airfoils.com/graphics/lleft_gry.gif]
[airfoils.com/graphics/title.gif]
[airfoils.com/graphics/right_gry.gif]
[airfoils.com/graphics/spacer.gif]
[airfoils.com/airfoil.html]
[airfoils.com/graphics/airfoil.gif]
[airfoils.com/apps.html]
[airfoils.com/graphics/apps.gif]
[airfoils.com/clients.html]
[airfoils.com/graphics/clients.gif]
[airfoils.com/contact.html]
[airfoils.com/graphics/contact.gif]
[airfoils.com/integration.html]
[airfoils.com/graphics/integration.gif]
[airfoils.com/eppler.html]
[airfoils.com/graphics/eppler.gif]
[airfoils.com/links.html]
[airfoils.com/graphics/links.gif]
[airfoils.com/pubs.html]
[airfoils.com/graphics/pubs.gif]
[airfoils.com/resume.html]
[airfoils.com/graphics/resume.gif]
[airfoils.com/spec.html]
[airfoils.com/graphics/specs.gif]
[airfoils.com/why.html]
[airfoils.com/graphics/why.gif]
[airfoils.com/tunnel.html]
[airfoils.com/graphics/tunnel.gif]
[airfoils.com/graphics/left_blue_round.gif]
[airfoils.com/graphics/turbine_front.jpg]
[airfoils.com/graphics/airfoil_group.gif]
[airfoils.com/graphics/front_plane.jpg]
[airfoils.com/graphics/right_blue_round.gif]
[airfoils.com/index.html]
[airfoils.com/index-2.html]
[airfoils.com/graphics/main.gif]
[airfoils.com/design.pdf]
[airfoils.com/design1.html]
[airfoils.com/airfoil.html]
[airfoils.com/graphics/blank_bullet.gif]
[airfoils.com/graphics/turbine.jpg]
[airfoils.com/graphics/turbine_sm.jpg]
[airfoils.com/graphics/chauvin2.jpg]
[airfoils.com/graphics/chauvin1.jpg]
[airfoils.com/apps.html]
[airfoils.com/graphics/nrel.gif]
[airfoils.com/graphics/groen.jpg]
[airfoils.com/graphics/nawcad.jpg]
[airfoils.com/clients.html]
[airfoils.com/graphics/sailplane_big.jpg]
[airfoils.com/graphics/sailplane.jpg]
[airfoils.com/contact.html]
[airfoils.com/graphics/designint.gif]
[airfoils.com/integration.html]
[airfoils.com/eppler.pdf]
[airfoils.com/eppler1.html]
[airfoils.com/graphics/eppler.jpg]
[airfoils.com/eppler.html]
[airfoils.com/links.html]
[airfoils.com/graphics/eppler_small.jpg]
[airfoils.com/pubs1.html]
[airfoils.com/pubs2.html]
[airfoils.com/pubs11.html]
[airfoils.com/pubs12.html]
[airfoils.com/pubs.html]
[airfoils.com/pubs13.html]
[airfoils.com/resume.html]
[airfoils.com/graphics/dmsphoto.jpg]
[airfoils.com/specifications.pdf]
[airfoils.com/spec.html]
[airfoils.com/graphics/spec_chart.gif]
[airfoils.com/why.html]
[airfoils.com/graphics/tunnel_big.jpg]
[airfoils.com/tunnel.html]
[airfoils.com/companycommand/graphics/ideas_on.html]
[airfoils.com/companycommand/graphics/cmdnet_on.html]
[airfoils.com/companycommand/graphics/cmdtools_on.html]
[airfoils.com/companycommand/graphics/reviews_on.html]
[airfoils.com/companycommand/graphics/links_on.html]
[airfoils.com/index-2.html]
[airfoils.com/graphics/tiunnel_small.jpg]
[airfoils.com/design2.html]
[airfoils.com/graphics/next.gif]
[airfoils.com/design1.html]
[airfoils.com/eppler2.html]
[airfoils.com/eppler1.html]
[airfoils.com/pubs1.html]
[airfoils.com/pubs2.html]
[airfoils.com/pubs11.html]
[airfoils.com/pubs12.html]
[airfoils.com/pubs13.html]
[airfoils.com/Why use new airfoilsd41d.html]
[airfoils.com/graphics/previous.gif]
[airfoils.com/design3.html]
[airfoils.com/design2.html]
[airfoils.com/eppler3.html]
[airfoils.com/eppler2.html]
[airfoils.com/Low-speed aerodynamic characteristics of a 13-percent-thick airfoil section designed for general aviation applications.html]
[airfoils.com/design4.html]
[airfoils.com/graphics/cl_chart.gif]
[airfoils.com/design3.html]
[airfoils.com/eppler4.html]
[airfoils.com/eppler3.html]
[airfoils.com/design5.html]
[airfoils.com/graphics/design_airfoil1.gif]
[airfoils.com/graphics/design_airfoil2.gif]
[airfoils.com/design4.html]
[airfoils.com/eppler5.html]
[airfoils.com/eppler4.html]
[airfoils.com/design6.html]
[airfoils.com/design5.html]
[airfoils.com/eppler6.html]
[airfoils.com/eppler5.html]
[airfoils.com/design6.html]
[airfoils.com/eppler7.html]
[airfoils.com/eppler6.html]
[airfoils.com/eppler8.html]
[airfoils.com/eppler7.html]
[airfoils.com/graphics/eppler_plot1.gif]
[airfoils.com/graphics/eppler_plot2.gif]
[airfoils.com/eppler8.html]
